../Core/Src/main.c:45:5:_write	24	static
../Core/Src/main.c:57:6:print_hex	32	static
../Core/Src/main.c:67:10:pkcs7_pad	40	static
../Core/Src/main.c:88:10:receive_user_input	24	static
../Core/Src/main.c:114:6:show_menu	8	static
../Core/Src/main.c:130:10:parse_hex_input	32	static
../Core/Src/main.c:168:6:interactive_encrypt	296	static
../Core/Src/main.c:240:6:change_key	56	static
../Core/Src/main.c:258:6:change_iv	40	static
../Core/Src/main.c:275:6:show_key_iv	16	static
../Core/Src/main.c:293:5:main	64	static
../Core/Src/main.c:383:6:SystemClock_Config	88	static
../Core/Src/main.c:412:13:MX_USART2_UART_Init	8	static
../Core/Src/main.c:427:13:MX_GPIO_Init	40	static
